This is pdfTeX, Version 3.141592653-2.6-1.40.28 (MiKTeX 25.12) (preloaded format=pdflatex 2026.1.7)  17 AUG 2026 15:20
entering extended mode
 restricted \write18 enabled.
 file:line:error style messages enabled.
 %&-line parsing enabled.
**c:/Users/erenr/Documents/McGill/Research/Chem396-Amorphous-Silicon/personal/Research_log.tex
(c:/Users/erenr/Documents/McGill/Research/Chem396-Amorphous-Silicon/personal/Research_log.tex
LaTeX2e <2025-11-01>
L3 programming layer <2025-12-24>
(C:\Users\erenr\AppData\Local\Programs\MiKTeX\tex/latex/base\article.cls
Document Class: article 2025/01/22 v1.4n Standard LaTeX document class
(C:\Users\erenr\AppData\Local\Programs\MiKTeX\tex/latex/base\size10.clo
File: size10.clo 2025/01/22 v1.4n Standard LaTeX file (size option)
)
\c@part=\count275
\c@section=\count276
\c@subsection=\count277
\c@subsubsection=\count278
\c@paragraph=\count279
\c@subparagraph=\count280
\c@figure=\count281
\c@table=\count282
\abovecaptionskip=\skip49
\belowcaptionskip=\skip50
\bibindent=\dimen148
) (C:\Users\erenr\AppData\Local\Programs\MiKTeX\tex/latex/graphics\graphicx.sty
Package: graphicx 2024/12/31 v1.2e Enhanced LaTeX Graphics (DPC,SPQR)
 (C:\Users\erenr\AppData\Local\Programs\MiKTeX\tex/latex/graphics\keyval.sty
Package: keyval 2022/05/29 v1.15 key=value parser (DPC)
\KV@toks@=\toks17
) (C:\Users\erenr\AppData\Local\Programs\MiKTeX\tex/latex/graphics\graphics.sty
Package: graphics 2024/08/06 v1.4g Standard LaTeX Graphics (DPC,SPQR)
 (C:\Users\erenr\AppData\Local\Programs\MiKTeX\tex/latex/graphics\trig.sty
Package: trig 2023/12/02 v1.11 sin cos tan (DPC)
) (C:\Users\erenr\AppData\Local\Programs\MiKTeX\tex/latex/graphics-cfg\graphics.cfg
File: graphics.cfg 2016/06/04 v1.11 sample graphics configuration
)
Package graphics Info: Driver file: pdftex.def on input line 106.
 (C:\Users\erenr\AppData\Local\Programs\MiKTeX\tex/latex/graphics-def\pdftex.def
File: pdftex.def 2025/09/29 v1.2d Graphics/color driver for pdftex
))
\Gin@req@height=\dimen149
\Gin@req@width=\dimen150
) (C:\Users\erenr\AppData\Local\Programs\MiKTeX\tex/latex/preprint\authblk.sty
Package: authblk 2001/02/27 1.3 (PWD)
\affilsep=\skip51
\@affilsep=\skip52
\c@Maxaffil=\count283
\c@authors=\count284
\c@affil=\count285
) (C:\Users\erenr\AppData\Local\Programs\MiKTeX\tex/latex/tools\indentfirst.sty
Package: indentfirst 2023/07/02 v1.03 Indent first paragraph (DPC)
) (C:\Users\erenr\AppData\Local\Programs\MiKTeX\tex/latex/amsfonts\amssymb.sty
Package: amssymb 2013/01/14 v3.01 AMS font symbols
 (C:\Users\erenr\AppData\Local\Programs\MiKTeX\tex/latex/amsfonts\amsfonts.sty
Package: amsfonts 2013/01/14 v3.01 Basic AMSFonts support
\@emptytoks=\toks18
\symAMSa=\mathgroup4
\symAMSb=\mathgroup5
LaTeX Font Info:    Redeclaring math symbol \hbar on input line 98.
LaTeX Font Info:    Overwriting math alphabet `\mathfrak' in version `bold'
(Font)                  U/euf/m/n --> U/euf/b/n on input line 106.
)) (C:\Users\erenr\AppData\Local\Programs\MiKTeX\tex/latex/amscls\amsthm.sty
Package: amsthm 2020/05/29 v2.20.6
\thm@style=\toks19
\thm@bodyfont=\toks20
\thm@headfont=\toks21
\thm@notefont=\toks22
\thm@headpunct=\toks23
\thm@preskip=\skip53
\thm@postskip=\skip54
\thm@headsep=\skip55
\dth@everypar=\toks24
) (C:\Users\erenr\AppData\Local\Programs\MiKTeX\tex/latex/amsmath\amsmath.sty
Package: amsmath 2025/07/09 v2.17z AMS math features
\@mathmargin=\skip56

For additional information on amsmath, use the `?' option.
(C:\Users\erenr\AppData\Local\Programs\MiKTeX\tex/latex/amsmath\amstext.sty
Package: amstext 2024/11/17 v2.01 AMS text
 (C:\Users\erenr\AppData\Local\Programs\MiKTeX\tex/latex/amsmath\amsgen.sty
File: amsgen.sty 1999/11/30 v2.0 generic functions
\@emptytoks=\toks25
\ex@=\dimen151
)) (C:\Users\erenr\AppData\Local\Programs\MiKTeX\tex/latex/amsmath\amsbsy.sty
Package: amsbsy 1999/11/29 v1.2d Bold Symbols
\pmbraise@=\dimen152
) (C:\Users\erenr\AppData\Local\Programs\MiKTeX\tex/latex/amsmath\amsopn.sty
Package: amsopn 2022/04/08 v2.04 operator names
)
\inf@bad=\count286
LaTeX Info: Redefining \frac on input line 233.
\uproot@=\count287
\leftroot@=\count288
LaTeX Info: Redefining \overline on input line 398.
LaTeX Info: Redefining \colon on input line 409.
\classnum@=\count289
\DOTSCASE@=\count290
LaTeX Info: Redefining \ldots on input line 495.
LaTeX Info: Redefining \dots on input line 498.
LaTeX Info: Redefining \cdots on input line 619.
\Mathstrutbox@=\box53
\strutbox@=\box54
LaTeX Info: Redefining \big on input line 721.
LaTeX Info: Redefining \Big on input line 722.
LaTeX Info: Redefining \bigg on input line 723.
LaTeX Info: Redefining \Bigg on input line 724.
\big@size=\dimen153
LaTeX Font Info:    Redeclaring font encoding OML on input line 742.
LaTeX Font Info:    Redeclaring font encoding OMS on input line 743.
\macc@depth=\count291
LaTeX Info: Redefining \bmod on input line 904.
LaTeX Info: Redefining \pmod on input line 909.
LaTeX Info: Redefining \smash on input line 939.
LaTeX Info: Redefining \relbar on input line 969.
LaTeX Info: Redefining \Relbar on input line 970.
\c@MaxMatrixCols=\count292
\dotsspace@=\muskip17
\c@parentequation=\count293
\dspbrk@lvl=\count294
\tag@help=\toks26
\row@=\count295
\column@=\count296
\maxfields@=\count297
\andhelp@=\toks27
\eqnshift@=\dimen154
\alignsep@=\dimen155
\tagshift@=\dimen156
\tagwidth@=\dimen157
\totwidth@=\dimen158
\lineht@=\dimen159
\@envbody=\toks28
\multlinegap=\skip57
\multlinetaggap=\skip58
\mathdisplay@stack=\toks29
LaTeX Info: Redefining \[ on input line 2950.
LaTeX Info: Redefining \] on input line 2951.
) (C:\Users\erenr\AppData\Local\Programs\MiKTeX\tex/latex/hyperref\hyperref.sty
Package: hyperref 2025-07-12 v7.01o Hypertext links for LaTeX
 (C:\Users\erenr\AppData\Local\Programs\MiKTeX\tex/generic/iftex\iftex.sty
Package: iftex 2024/12/12 v1.0g TeX engine tests
) (C:\Users\erenr\AppData\Local\Programs\MiKTeX\tex/latex/kvsetkeys\kvsetkeys.sty
Package: kvsetkeys 2022-10-05 v1.19 Key value parser (HO)
) (C:\Users\erenr\AppData\Local\Programs\MiKTeX\tex/generic/kvdefinekeys\kvdefinekeys.sty
Package: kvdefinekeys 2019-12-19 v1.6 Define keys (HO)
) (C:\Users\erenr\AppData\Local\Programs\MiKTeX\tex/generic/pdfescape\pdfescape.sty
Package: pdfescape 2019/12/09 v1.15 Implements pdfTeX's escape features (HO)
 (C:\Users\erenr\AppData\Local\Programs\MiKTeX\tex/generic/ltxcmds\ltxcmds.sty
Package: ltxcmds 2023-12-04 v1.26 LaTeX kernel commands for general use (HO)
) (C:\Users\erenr\AppData\Local\Programs\MiKTeX\tex/generic/pdftexcmds\pdftexcmds.sty
Package: pdftexcmds 2020-06-27 v0.33 Utility functions of pdfTeX for LuaTeX (HO)
 (C:\Users\erenr\AppData\Local\Programs\MiKTeX\tex/generic/infwarerr\infwarerr.sty
Package: infwarerr 2019/12/03 v1.5 Providing info/warning/error messages (HO)
)
Package pdftexcmds Info: \pdf@primitive is available.
Package pdftexcmds Info: \pdf@ifprimitive is available.
Package pdftexcmds Info: \pdfdraftmode found.
)) (C:\Users\erenr\AppData\Local\Programs\MiKTeX\tex/latex/hycolor\hycolor.sty
Package: hycolor 2020-01-27 v1.10 Color options for hyperref/bookmark (HO)
) (C:\Users\erenr\AppData\Local\Programs\MiKTeX\tex/latex/hyperref\nameref.sty
Package: nameref 2025-06-21 v2.57 Cross-referencing by name of section
 (C:\Users\erenr\AppData\Local\Programs\MiKTeX\tex/latex/refcount\refcount.sty
Package: refcount 2019/12/15 v3.6 Data extraction from label references (HO)
) (C:\Users\erenr\AppData\Local\Programs\MiKTeX\tex/generic/gettitlestring\gettitlestring.sty
Package: gettitlestring 2019/12/15 v1.6 Cleanup title references (HO)
 (C:\Users\erenr\AppData\Local\Programs\MiKTeX\tex/latex/kvoptions\kvoptions.sty
Package: kvoptions 2022-06-15 v3.15 Key value format for package options (HO)
))
\c@section@level=\count298
) (C:\Users\erenr\AppData\Local\Programs\MiKTeX\tex/latex/etoolbox\etoolbox.sty
Package: etoolbox 2025/10/02 v2.5m e-TeX tools for LaTeX (JAW)
\etb@tempcnta=\count299
) (C:\Users\erenr\AppData\Local\Programs\MiKTeX\tex/generic/stringenc\stringenc.sty
Package: stringenc 2019/11/29 v1.12 Convert strings between diff. encodings (HO)
)
\@linkdim=\dimen160
\Hy@linkcounter=\count300
\Hy@pagecounter=\count301
 (C:\Users\erenr\AppData\Local\Programs\MiKTeX\tex/latex/hyperref\pd1enc.def
File: pd1enc.def 2025-07-12 v7.01o Hyperref: PDFDocEncoding definition (HO)
Now handling font encoding PD1 ...
... no UTF-8 mapping file for font encoding PD1
) (C:\Users\erenr\AppData\Local\Programs\MiKTeX\tex/generic/intcalc\intcalc.sty
Package: intcalc 2019/12/15 v1.3 Expandable calculations with integers (HO)
)
\Hy@SavedSpaceFactor=\count302
 (C:\Users\erenr\AppData\Local\Programs\MiKTeX\tex/latex/hyperref\puenc.def
File: puenc.def 2025-07-12 v7.01o Hyperref: PDF Unicode definition (HO)
Now handling font encoding PU ...
... no UTF-8 mapping file for font encoding PU
)
Package hyperref Info: Hyper figures OFF on input line 4195.
Package hyperref Info: Link nesting OFF on input line 4200.
Package hyperref Info: Hyper index ON on input line 4203.
Package hyperref Info: Plain pages OFF on input line 4210.
Package hyperref Info: Backreferencing OFF on input line 4215.
Package hyperref Info: Implicit mode ON; LaTeX internals redefined.
Package hyperref Info: Bookmarks ON on input line 4462.
\c@Hy@tempcnt=\count303
 (C:\Users\erenr\AppData\Local\Programs\MiKTeX\tex/latex/url\url.sty
\Urlmuskip=\muskip18
Package: url 2013/09/16  ver 3.4  Verb mode for urls, etc.
)
LaTeX Info: Redefining \url on input line 4801.
\XeTeXLinkMargin=\dimen161
 (C:\Users\erenr\AppData\Local\Programs\MiKTeX\tex/generic/bitset\bitset.sty
Package: bitset 2019/12/09 v1.3 Handle bit-vector datatype (HO)
 (C:\Users\erenr\AppData\Local\Programs\MiKTeX\tex/generic/bigintcalc\bigintcalc.sty
Package: bigintcalc 2019/12/15 v1.5 Expandable calculations on big integers (HO)
))
\Fld@menulength=\count304
\Field@Width=\dimen162
\Fld@charsize=\dimen163
Package hyperref Info: Hyper figures OFF on input line 6078.
Package hyperref Info: Link nesting OFF on input line 6083.
Package hyperref Info: Hyper index ON on input line 6086.
Package hyperref Info: backreferencing OFF on input line 6093.
Package hyperref Info: Link coloring OFF on input line 6098.
Package hyperref Info: Link coloring with OCG OFF on input line 6103.
Package hyperref Info: PDF/A mode OFF on input line 6108.
\Hy@abspage=\count305
\c@Item=\count306
\c@Hfootnote=\count307
)
Package hyperref Info: Driver (autodetected): hpdftex.
 (C:\Users\erenr\AppData\Local\Programs\MiKTeX\tex/latex/hyperref\hpdftex.def
File: hpdftex.def 2025-07-12 v7.01o Hyperref driver for pdfTeX
\Fld@listcount=\count308
\c@bookmark@seq@number=\count309
 (C:\Users\erenr\AppData\Local\Programs\MiKTeX\tex/latex/rerunfilecheck\rerunfilecheck.sty
Package: rerunfilecheck 2025-06-21 v1.11 Rerun checks for auxiliary files (HO)
 (C:\Users\erenr\AppData\Local\Programs\MiKTeX\tex/generic/uniquecounter\uniquecounter.sty
Package: uniquecounter 2019/12/15 v1.4 Provide unlimited unique counter (HO)
)
Package uniquecounter Info: New unique counter `rerunfilecheck' on input line 284.
)
\Hy@SectionHShift=\skip59
) (C:\Users\erenr\AppData\Local\Programs\MiKTeX\tex/latex/enumitem\enumitem.sty
Package: enumitem 2025/02/06 v3.11 Customized lists
\labelindent=\skip60
\enit@outerparindent=\dimen164
\enit@toks=\toks30
\enit@inbox=\box55
\enit@count@id=\count310
\enitdp@description=\count311
) (C:\Users\erenr\AppData\Local\Programs\MiKTeX\tex/latex/pgfplots\pgfplots.sty (C:\Users\erenr\AppData\Local\Programs\MiKTeX\tex/generic/pgfplots\pgfplots.revision.tex)
Package: pgfplots 2021/05/15 v1.18.1 Data Visualization (1.18.1)
 (C:\Users\erenr\AppData\Local\Programs\MiKTeX\tex/latex/pgf/frontendlayer\tikz.sty (C:\Users\erenr\AppData\Local\Programs\MiKTeX\tex/latex/pgf/basiclayer\pgf.sty (C:\Users\erenr\AppData\Local\Programs\MiKTeX\tex/latex/pgf/utilities\pgfrcs.sty (C:\Users\erenr\AppData\Local\Programs\MiKTeX\tex/generic/pgf/utilities\pgfutil-common.tex
\pgfutil@everybye=\toks31
\pgfutil@tempdima=\dimen165
\pgfutil@tempdimb=\dimen166
) (C:\Users\erenr\AppData\Local\Programs\MiKTeX\tex/generic/pgf/utilities\pgfutil-latex.def
\pgfutil@abb=\box56
) (C:\Users\erenr\AppData\Local\Programs\MiKTeX\tex/generic/pgf/utilities\pgfrcs.code.tex (C:\Users\erenr\AppData\Local\Programs\MiKTeX\tex/generic/pgf\pgf.revision.tex)
Package: pgfrcs 2025-08-29 v3.1.11a (3.1.11a)
))
Package: pgf 2025-08-29 v3.1.11a (3.1.11a)
 (C:\Users\erenr\AppData\Local\Programs\MiKTeX\tex/latex/pgf/basiclayer\pgfcore.sty (C:\Users\erenr\AppData\Local\Programs\MiKTeX\tex/latex/pgf/systemlayer\pgfsys.sty (C:\Users\erenr\AppData\Local\Programs\MiKTeX\tex/generic/pgf/systemlayer\pgfsys.code.tex
Package: pgfsys 2025-08-29 v3.1.11a (3.1.11a)
 (C:\Users\erenr\AppData\Local\Programs\MiKTeX\tex/generic/pgf/utilities\pgfkeys.code.tex
\pgfkeys@pathtoks=\toks32
\pgfkeys@temptoks=\toks33
 (C:\Users\erenr\AppData\Local\Programs\MiKTeX\tex/generic/pgf/utilities\pgfkeyslibraryfiltered.code.tex
\pgfkeys@tmptoks=\toks34
))
\pgf@x=\dimen167
\pgf@y=\dimen168
\pgf@xa=\dimen169
\pgf@ya=\dimen170
\pgf@xb=\dimen171
\pgf@yb=\dimen172
\pgf@xc=\dimen173
\pgf@yc=\dimen174
\pgf@xd=\dimen175
\pgf@yd=\dimen176
\w@pgf@writea=\write3
\r@pgf@reada=\read2
\c@pgf@counta=\count312
\c@pgf@countb=\count313
\c@pgf@countc=\count314
\c@pgf@countd=\count315
\t@pgf@toka=\toks35
\t@pgf@tokb=\toks36
\t@pgf@tokc=\toks37
\pgf@sys@id@count=\count316
 (C:\Users\erenr\AppData\Local\Programs\MiKTeX\tex/generic/pgf/systemlayer\pgf.cfg
File: pgf.cfg 2025-08-29 v3.1.11a (3.1.11a)
)
Driver file for pgf: pgfsys-pdftex.def
 (C:\Users\erenr\AppData\Local\Programs\MiKTeX\tex/generic/pgf/systemlayer\pgfsys-pdftex.def
File: pgfsys-pdftex.def 2025-08-29 v3.1.11a (3.1.11a)
 (C:\Users\erenr\AppData\Local\Programs\MiKTeX\tex/generic/pgf/systemlayer\pgfsys-common-pdf.def
File: pgfsys-common-pdf.def 2025-08-29 v3.1.11a (3.1.11a)
))) (C:\Users\erenr\AppData\Local\Programs\MiKTeX\tex/generic/pgf/systemlayer\pgfsyssoftpath.code.tex
File: pgfsyssoftpath.code.tex 2025-08-29 v3.1.11a (3.1.11a)
\pgfsyssoftpath@smallbuffer@items=\count317
\pgfsyssoftpath@bigbuffer@items=\count318
) (C:\Users\erenr\AppData\Local\Programs\MiKTeX\tex/generic/pgf/systemlayer\pgfsysprotocol.code.tex
File: pgfsysprotocol.code.tex 2025-08-29 v3.1.11a (3.1.11a)
)) (C:\Users\erenr\AppData\Local\Programs\MiKTeX\tex/latex/xcolor\xcolor.sty
Package: xcolor 2024/09/29 v3.02 LaTeX color extensions (UK)
 (C:\Users\erenr\AppData\Local\Programs\MiKTeX\tex/latex/graphics-cfg\color.cfg
File: color.cfg 2016/01/02 v1.6 sample color configuration
)
Package xcolor Info: Driver file: pdftex.def on input line 274.
 (C:\Users\erenr\AppData\Local\Programs\MiKTeX\tex/latex/graphics\mathcolor.ltx)
Package xcolor Info: Model `cmy' substituted by `cmy0' on input line 1349.
Package xcolor Info: Model `hsb' substituted by `rgb' on input line 1353.
Package xcolor Info: Model `RGB' extended on input line 1365.
Package xcolor Info: Model `HTML' substituted by `rgb' on input line 1367.
Package xcolor Info: Model `Hsb' substituted by `hsb' on input line 1368.
Package xcolor Info: Model `tHsb' substituted by `hsb' on input line 1369.
Package xcolor Info: Model `HSB' substituted by `hsb' on input line 1370.
Package xcolor Info: Model `Gray' substituted by `gray' on input line 1371.
Package xcolor Info: Model `wave' substituted by `hsb' on input line 1372.
) (C:\Users\erenr\AppData\Local\Programs\MiKTeX\tex/generic/pgf/basiclayer\pgfcore.code.tex
Package: pgfcore 2025-08-29 v3.1.11a (3.1.11a)
 (C:\Users\erenr\AppData\Local\Programs\MiKTeX\tex/generic/pgf/math\pgfmath.code.tex (C:\Users\erenr\AppData\Local\Programs\MiKTeX\tex/generic/pgf/math\pgfmathutil.code.tex) (C:\Users\erenr\AppData\Local\Programs\MiKTeX\tex/generic/pgf/math\pgfmathparser.code.tex
\pgfmath@dimen=\dimen177
\pgfmath@count=\count319
\pgfmath@box=\box57
\pgfmath@toks=\toks38
\pgfmath@stack@operand=\toks39
\pgfmath@stack@operation=\toks40
) (C:\Users\erenr\AppData\Local\Programs\MiKTeX\tex/generic/pgf/math\pgfmathfunctions.code.tex) (C:\Users\erenr\AppData\Local\Programs\MiKTeX\tex/generic/pgf/math\pgfmathfunctions.basic.code.tex) (C:\Users\erenr\AppData\Local\Programs\MiKTeX\tex/generic/pgf/math\pgfmathfunctions.trigonometric.code.tex) (C:\Users\erenr\AppData\Local\Programs\MiKTeX\tex/generic/pgf/math\pgfmathfunctions.random.code.tex) (C:\Users\erenr\AppData\Local\Programs\MiKTeX\tex/generic/pgf/math\pgfmathfunctions.comparison.code.tex) (C:\Users\erenr\AppData\Local\Programs\MiKTeX\tex/generic/pgf/math\pgfmathfunctions.base.code.tex) (C:\Users\erenr\AppData\Local\Programs\MiKTeX\tex/generic/pgf/math\pgfmathfunctions.round.code.tex) (C:\Users\erenr\AppData\Local\Programs\MiKTeX\tex/generic/pgf/math\pgfmathfunctions.misc.code.tex) (C:\Users\erenr\AppData\Local\Programs\MiKTeX\tex/generic/pgf/math\pgfmathfunctions.integerarithmetics.code.tex) (C:\Users\erenr\AppData\Local\Programs\MiKTeX\tex/generic/pgf/math\pgfmathcalc.code.tex) (C:\Users\erenr\AppData\Local\Programs\MiKTeX\tex/generic/pgf/math\pgfmathfloat.code.tex
\c@pgfmathroundto@lastzeros=\count320
)) (C:\Users\erenr\AppData\Local\Programs\MiKTeX\tex/generic/pgf/math\pgfint.code.tex) (C:\Users\erenr\AppData\Local\Programs\MiKTeX\tex/generic/pgf/basiclayer\pgfcorepoints.code.tex
File: pgfcorepoints.code.tex 2025-08-29 v3.1.11a (3.1.11a)
\pgf@picminx=\dimen178
\pgf@picmaxx=\dimen179
\pgf@picminy=\dimen180
\pgf@picmaxy=\dimen181
\pgf@pathminx=\dimen182
\pgf@pathmaxx=\dimen183
\pgf@pathminy=\dimen184
\pgf@pathmaxy=\dimen185
\pgf@xx=\dimen186
\pgf@xy=\dimen187
\pgf@yx=\dimen188
\pgf@yy=\dimen189
\pgf@zx=\dimen190
\pgf@zy=\dimen191
) (C:\Users\erenr\AppData\Local\Programs\MiKTeX\tex/generic/pgf/basiclayer\pgfcorepathconstruct.code.tex
File: pgfcorepathconstruct.code.tex 2025-08-29 v3.1.11a (3.1.11a)
\pgf@path@lastx=\dimen192
\pgf@path@lasty=\dimen193
) (C:\Users\erenr\AppData\Local\Programs\MiKTeX\tex/generic/pgf/basiclayer\pgfcorepathusage.code.tex
File: pgfcorepathusage.code.tex 2025-08-29 v3.1.11a (3.1.11a)
\pgf@shorten@end@additional=\dimen194
\pgf@shorten@start@additional=\dimen195
) (C:\Users\erenr\AppData\Local\Programs\MiKTeX\tex/generic/pgf/basiclayer\pgfcorescopes.code.tex
File: pgfcorescopes.code.tex 2025-08-29 v3.1.11a (3.1.11a)
\pgfpic=\box58
\pgf@hbox=\box59
\pgf@layerbox@main=\box60
\pgf@picture@serial@count=\count321
) (C:\Users\erenr\AppData\Local\Programs\MiKTeX\tex/generic/pgf/basiclayer\pgfcoregraphicstate.code.tex
File: pgfcoregraphicstate.code.tex 2025-08-29 v3.1.11a (3.1.11a)
\pgflinewidth=\dimen196
) (C:\Users\erenr\AppData\Local\Programs\MiKTeX\tex/generic/pgf/basiclayer\pgfcoretransformations.code.tex
File: pgfcoretransformations.code.tex 2025-08-29 v3.1.11a (3.1.11a)
\pgf@pt@x=\dimen197
\pgf@pt@y=\dimen198
\pgf@pt@temp=\dimen199
) (C:\Users\erenr\AppData\Local\Programs\MiKTeX\tex/generic/pgf/basiclayer\pgfcorequick.code.tex
File: pgfcorequick.code.tex 2025-08-29 v3.1.11a (3.1.11a)
) (C:\Users\erenr\AppData\Local\Programs\MiKTeX\tex/generic/pgf/basiclayer\pgfcoreobjects.code.tex
File: pgfcoreobjects.code.tex 2025-08-29 v3.1.11a (3.1.11a)
) (C:\Users\erenr\AppData\Local\Programs\MiKTeX\tex/generic/pgf/basiclayer\pgfcorepathprocessing.code.tex
File: pgfcorepathprocessing.code.tex 2025-08-29 v3.1.11a (3.1.11a)
) (C:\Users\erenr\AppData\Local\Programs\MiKTeX\tex/generic/pgf/basiclayer\pgfcorearrows.code.tex
File: pgfcorearrows.code.tex 2025-08-29 v3.1.11a (3.1.11a)
\pgfarrowsep=\dimen256
) (C:\Users\erenr\AppData\Local\Programs\MiKTeX\tex/generic/pgf/basiclayer\pgfcoreshade.code.tex
File: pgfcoreshade.code.tex 2025-08-29 v3.1.11a (3.1.11a)
\pgf@max=\dimen257
\pgf@sys@shading@range@num=\count322
\pgf@shadingcount=\count323
) (C:\Users\erenr\AppData\Local\Programs\MiKTeX\tex/generic/pgf/basiclayer\pgfcoreimage.code.tex
File: pgfcoreimage.code.tex 2025-08-29 v3.1.11a (3.1.11a)
) (C:\Users\erenr\AppData\Local\Programs\MiKTeX\tex/generic/pgf/basiclayer\pgfcoreexternal.code.tex
File: pgfcoreexternal.code.tex 2025-08-29 v3.1.11a (3.1.11a)
\pgfexternal@startupbox=\box61
) (C:\Users\erenr\AppData\Local\Programs\MiKTeX\tex/generic/pgf/basiclayer\pgfcorelayers.code.tex
File: pgfcorelayers.code.tex 2025-08-29 v3.1.11a (3.1.11a)
) (C:\Users\erenr\AppData\Local\Programs\MiKTeX\tex/generic/pgf/basiclayer\pgfcoretransparency.code.tex
File: pgfcoretransparency.code.tex 2025-08-29 v3.1.11a (3.1.11a)
) (C:\Users\erenr\AppData\Local\Programs\MiKTeX\tex/generic/pgf/basiclayer\pgfcorepatterns.code.tex
File: pgfcorepatterns.code.tex 2025-08-29 v3.1.11a (3.1.11a)
) (C:\Users\erenr\AppData\Local\Programs\MiKTeX\tex/generic/pgf/basiclayer\pgfcorerdf.code.tex
File: pgfcorerdf.code.tex 2025-08-29 v3.1.11a (3.1.11a)
))) (C:\Users\erenr\AppData\Local\Programs\MiKTeX\tex/generic/pgf/modules\pgfmoduleshapes.code.tex
File: pgfmoduleshapes.code.tex 2025-08-29 v3.1.11a (3.1.11a)
\pgfnodeparttextbox=\box62
) (C:\Users\erenr\AppData\Local\Programs\MiKTeX\tex/generic/pgf/modules\pgfmoduleplot.code.tex
File: pgfmoduleplot.code.tex 2025-08-29 v3.1.11a (3.1.11a)
) (C:\Users\erenr\AppData\Local\Programs\MiKTeX\tex/latex/pgf/compatibility\pgfcomp-version-0-65.sty
Package: pgfcomp-version-0-65 2025-08-29 v3.1.11a (3.1.11a)
\pgf@nodesepstart=\dimen258
\pgf@nodesepend=\dimen259
) (C:\Users\erenr\AppData\Local\Programs\MiKTeX\tex/latex/pgf/compatibility\pgfcomp-version-1-18.sty
Package: pgfcomp-version-1-18 2025-08-29 v3.1.11a (3.1.11a)
)) (C:\Users\erenr\AppData\Local\Programs\MiKTeX\tex/latex/pgf/utilities\pgffor.sty (C:\Users\erenr\AppData\Local\Programs\MiKTeX\tex/latex/pgf/utilities\pgfkeys.sty (C:\Users\erenr\AppData\Local\Programs\MiKTeX\tex/generic/pgf/utilities\pgfkeys.code.tex)) (C:\Users\erenr\AppData\Local\Programs\MiKTeX\tex/latex/pgf/math\pgfmath.sty (C:\Users\erenr\AppData\Local\Programs\MiKTeX\tex/generic/pgf/math\pgfmath.code.tex)) (C:\Users\erenr\AppData\Local\Programs\MiKTeX\tex/generic/pgf/utilities\pgffor.code.tex
Package: pgffor 2025-08-29 v3.1.11a (3.1.11a)
\pgffor@iter=\dimen260
\pgffor@skip=\dimen261
\pgffor@stack=\toks41
\pgffor@toks=\toks42
)) (C:\Users\erenr\AppData\Local\Programs\MiKTeX\tex/generic/pgf/frontendlayer/tikz\tikz.code.tex
Package: tikz 2025-08-29 v3.1.11a (3.1.11a)
 (C:\Users\erenr\AppData\Local\Programs\MiKTeX\tex/generic/pgf/libraries\pgflibraryplothandlers.code.tex
File: pgflibraryplothandlers.code.tex 2025-08-29 v3.1.11a (3.1.11a)
\pgf@plot@mark@count=\count324
\pgfplotmarksize=\dimen262
)
\tikz@lastx=\dimen263
\tikz@lasty=\dimen264
\tikz@lastxsaved=\dimen265
\tikz@lastysaved=\dimen266
\tikz@lastmovetox=\dimen267
\tikz@lastmovetoy=\dimen268
\tikzleveldistance=\dimen269
\tikzsiblingdistance=\dimen270
\tikz@figbox=\box63
\tikz@figbox@bg=\box64
\tikz@tempbox=\box65
\tikz@tempbox@bg=\box66
\tikztreelevel=\count325
\tikznumberofchildren=\count326
\tikznumberofcurrentchild=\count327
\tikz@fig@count=\count328
 (C:\Users\erenr\AppData\Local\Programs\MiKTeX\tex/generic/pgf/modules\pgfmodulematrix.code.tex
File: pgfmodulematrix.code.tex 2025-08-29 v3.1.11a (3.1.11a)
\pgfmatrixcurrentrow=\count329
\pgfmatrixcurrentcolumn=\count330
\pgf@matrix@numberofcolumns=\count331
)
\tikz@expandcount=\count332
 (C:\Users\erenr\AppData\Local\Programs\MiKTeX\tex/generic/pgf/frontendlayer/tikz/libraries\tikzlibrarytopaths.code.tex
File: tikzlibrarytopaths.code.tex 2025-08-29 v3.1.11a (3.1.11a)
))) (C:\Users\erenr\AppData\Local\Programs\MiKTeX\tex/generic/pgfplots\pgfplots.code.tex (C:\Users\erenr\AppData\Local\Programs\MiKTeX\tex/generic/pgfplots\pgfplotscore.code.tex
\t@pgfplots@toka=\toks43
\t@pgfplots@tokb=\toks44
\t@pgfplots@tokc=\toks45
\pgfplots@tmpa=\dimen271
\c@pgfplots@coordindex=\count333
\c@pgfplots@scanlineindex=\count334
 (C:\Users\erenr\AppData\Local\Programs\MiKTeX\tex/generic/pgfplots/sys\pgfplotssysgeneric.code.tex)) (C:\Users\erenr\AppData\Local\Programs\MiKTeX\tex/generic/pgfplots/libs\pgfplotslibrary.code.tex) (C:\Users\erenr\AppData\Local\Programs\MiKTeX\tex/generic/pgfplots/oldpgfcompatib\pgfplotsoldpgfsupp_loader.code.tex (C:\Users\erenr\AppData\Local\Programs\MiKTeX\tex/generic/pgf/libraries\pgflibraryfpu.code.tex)
Package pgfplots: loading complementary utilities for your pgf version...
\t@pgf@toka=\toks46
\t@pgf@tokb=\toks47
\t@pgf@tokc=\toks48
(C:\Users\erenr\AppData\Local\Programs\MiKTeX\tex/generic/pgfplots/oldpgfcompatib\pgfplotsoldpgfsupp_pgfutil-common-lists.tex)) (C:\Users\erenr\AppData\Local\Programs\MiKTeX\tex/generic/pgfplots/util\pgfplotsutil.code.tex (C:\Users\erenr\AppData\Local\Programs\MiKTeX\tex/generic/pgfplots/liststructure\pgfplotsliststructure.code.tex) (C:\Users\erenr\AppData\Local\Programs\MiKTeX\tex/generic/pgfplots/liststructure\pgfplotsliststructureext.code.tex) (C:\Users\erenr\AppData\Local\Programs\MiKTeX\tex/generic/pgfplots/liststructure\pgfplotsarray.code.tex
\c@pgfplotsarray@tmp=\count335
) (C:\Users\erenr\AppData\Local\Programs\MiKTeX\tex/generic/pgfplots/liststructure\pgfplotsmatrix.code.tex) (C:\Users\erenr\AppData\Local\Programs\MiKTeX\tex/generic/pgfplots/numtable\pgfplotstableshared.code.tex
\c@pgfplotstable@counta=\count336
\t@pgfplotstable@a=\toks49
) (C:\Users\erenr\AppData\Local\Programs\MiKTeX\tex/generic/pgfplots/liststructure\pgfplotsdeque.code.tex) (C:\Users\erenr\AppData\Local\Programs\MiKTeX\tex/generic/pgfplots/util\pgfplotsbinary.code.tex (C:\Users\erenr\AppData\Local\Programs\MiKTeX\tex/generic/pgfplots/util\pgfplotsbinary.data.code.tex)) (C:\Users\erenr\AppData\Local\Programs\MiKTeX\tex/generic/pgfplots/util\pgfplotsutil.verb.code.tex) (C:\Users\erenr\AppData\Local\Programs\MiKTeX\tex/generic/pgfplots/libs\pgflibrarypgfplots.surfshading.code.tex
\c@pgfplotslibrarysurf@no=\count337
 (C:\Users\erenr\AppData\Local\Programs\MiKTeX\tex/generic/pgfplots/sys\pgflibrarypgfplots.surfshading.pgfsys-pdftex.def))) (C:\Users\erenr\AppData\Local\Programs\MiKTeX\tex/generic/pgfplots/util\pgfplotscolormap.code.tex (C:\Users\erenr\AppData\Local\Programs\MiKTeX\tex/generic/pgfplots/util\pgfplotscolor.code.tex)) (C:\Users\erenr\AppData\Local\Programs\MiKTeX\tex/generic/pgfplots\pgfplotsstackedplots.code.tex) (C:\Users\erenr\AppData\Local\Programs\MiKTeX\tex/generic/pgfplots\pgfplotsplothandlers.code.tex (C:\Users\erenr\AppData\Local\Programs\MiKTeX\tex/generic/pgfplots\pgfplotsmeshplothandler.code.tex (C:\Users\erenr\AppData\Local\Programs\MiKTeX\tex/generic/pgfplots\pgfplotsmeshplotimage.code.tex))) (C:\Users\erenr\AppData\Local\Programs\MiKTeX\tex/generic/pgfplots\pgfplots.scaling.code.tex) (C:\Users\erenr\AppData\Local\Programs\MiKTeX\tex/generic/pgfplots\pgfplotscoordprocessing.code.tex) (C:\Users\erenr\AppData\Local\Programs\MiKTeX\tex/generic/pgfplots\pgfplots.errorbars.code.tex) (C:\Users\erenr\AppData\Local\Programs\MiKTeX\tex/generic/pgfplots\pgfplots.markers.code.tex) (C:\Users\erenr\AppData\Local\Programs\MiKTeX\tex/generic/pgfplots\pgfplotsticks.code.tex) (C:\Users\erenr\AppData\Local\Programs\MiKTeX\tex/generic/pgfplots\pgfplots.paths.code.tex) (C:\Users\erenr\AppData\Local\Programs\MiKTeX\tex/generic/pgf/frontendlayer/tikz/libraries\tikzlibrarydecorations.code.tex (C:\Users\erenr\AppData\Local\Programs\MiKTeX\tex/generic/pgf/modules\pgfmoduledecorations.code.tex
\pgfdecoratedcompleteddistance=\dimen272
\pgfdecoratedremainingdistance=\dimen273
\pgfdecoratedinputsegmentcompleteddistance=\dimen274
\pgfdecoratedinputsegmentremainingdistance=\dimen275
\pgf@decorate@distancetomove=\dimen276
\pgf@decorate@repeatstate=\count338
\pgfdecorationsegmentamplitude=\dimen277
\pgfdecorationsegmentlength=\dimen278
)
\tikz@lib@dec@box=\box67
) (C:\Users\erenr\AppData\Local\Programs\MiKTeX\tex/generic/pgf/frontendlayer/tikz/libraries\tikzlibrarydecorations.pathmorphing.code.tex (C:\Users\erenr\AppData\Local\Programs\MiKTeX\tex/generic/pgf/libraries/decorations\pgflibrarydecorations.pathmorphing.code.tex)) (C:\Users\erenr\AppData\Local\Programs\MiKTeX\tex/generic/pgf/frontendlayer/tikz/libraries\tikzlibrarydecorations.pathreplacing.code.tex (C:\Users\erenr\AppData\Local\Programs\MiKTeX\tex/generic/pgf/libraries/decorations\pgflibrarydecorations.pathreplacing.code.tex)) (C:\Users\erenr\AppData\Local\Programs\MiKTeX\tex/generic/pgfplots/libs\tikzlibrarypgfplots.contourlua.code.tex)
\pgfplots@numplots=\count339
\pgfplots@xmin@reg=\dimen279
\pgfplots@xmax@reg=\dimen280
\pgfplots@ymin@reg=\dimen281
\pgfplots@ymax@reg=\dimen282
\pgfplots@zmin@reg=\dimen283
\pgfplots@zmax@reg=\dimen284
) (C:\Users\erenr\AppData\Local\Programs\MiKTeX\tex/generic/pgf/frontendlayer/tikz/libraries\tikzlibraryplotmarks.code.tex
File: tikzlibraryplotmarks.code.tex 2025-08-29 v3.1.11a (3.1.11a)
 (C:\Users\erenr\AppData\Local\Programs\MiKTeX\tex/generic/pgf/libraries\pgflibraryplotmarks.code.tex
File: pgflibraryplotmarks.code.tex 2025-08-29 v3.1.11a (3.1.11a)
))) (C:\Users\erenr\AppData\Local\Programs\MiKTeX\tex/latex/circuitikz\circuitikz.sty
Package: circuitikz 2026/01/07{} The CircuiTikz circuit drawing package version 1.8.4
 (C:\Users\erenr\AppData\Local\Programs\MiKTeX\tex/generic/pgf/frontendlayer/tikz/libraries\tikzlibrarycalc.code.tex
File: tikzlibrarycalc.code.tex 2025-08-29 v3.1.11a (3.1.11a)
) (C:\Users\erenr\AppData\Local\Programs\MiKTeX\tex/generic/pgf/libraries\pgflibraryarrows.meta.code.tex
File: pgflibraryarrows.meta.code.tex 2025-08-29 v3.1.11a (3.1.11a)
\pgfarrowinset=\dimen285
\pgfarrowlength=\dimen286
\pgfarrowwidth=\dimen287
\pgfarrowlinewidth=\dimen288
) (C:\Users\erenr\AppData\Local\Programs\MiKTeX\tex/generic/pgf/frontendlayer/tikz/libraries\tikzlibrarybending.code.tex
File: tikzlibrarybending.code.tex 2025-08-29 v3.1.11a (3.1.11a)
 (C:\Users\erenr\AppData\Local\Programs\MiKTeX\tex/generic/pgf/modules\pgfmodulebending.code.tex
File: pgfmodulebending.code.tex 2025-08-29 v3.1.11a (3.1.11a)
 (C:\Users\erenr\AppData\Local\Programs\MiKTeX\tex/generic/pgf/modules\pgfmodulenonlineartransformations.code.tex
File: pgfmodulenonlineartransformations.code.tex 2025-08-29 v3.1.11a (3.1.11a)
\pgftransformnonlinearflatness=\dimen289
) (C:\Users\erenr\AppData\Local\Programs\MiKTeX\tex/generic/pgf/libraries\pgflibrarycurvilinear.code.tex
File: pgflibrarycurvilinear.code.tex 2025-08-29 v3.1.11a (3.1.11a)
\pgf@curvilinear@time@a=\dimen290
\pgf@curvilinear@length@a=\dimen291
\pgf@curvilinear@length@b=\dimen292
\pgf@curvilinear@length@c=\dimen293
\pgf@curvilinear@length@d=\dimen294
)
\pgf@arrows@the@rigidity=\dimen295
)) (C:\Users\erenr\AppData\Local\Programs\MiKTeX\tex/generic/pgf/frontendlayer/tikz/libraries\tikzlibraryfpu.code.tex) (C:\Users\erenr\AppData\Local\Programs\MiKTeX\tex/generic/circuitikz\pgfcirc.defines.tex
\pgf@circ@count@a=\count340
\pgf@circ@count@b=\count341
\pgf@circ@count@c=\count342
\pgf@circ@res@up=\dimen296
\pgf@circ@res@down=\dimen297
\pgf@circ@res@zero=\dimen298
\pgf@circ@res@left=\dimen299
\pgf@circ@res@right=\dimen300
\pgf@circ@res@other=\dimen301
\pgf@circ@res@step=\dimen302
\pgf@circ@res@temp=\dimen303
\pgf@circ@Rlen=\dimen304
\pgf@circ@scaled@Rlen=\dimen305
\pgfstartlinewidth=\dimen306
) (C:\Users\erenr\AppData\Local\Programs\MiKTeX\tex/generic/circuitikz\pgfcircutils.tex
\ctikz@scratchbox=\box68
) (C:\Users\erenr\AppData\Local\Programs\MiKTeX\tex/generic/circuitikz\pgfcircpath.tex) (C:\Users\erenr\AppData\Local\Programs\MiKTeX\tex/generic/circuitikz\pgfcircshapes.tex) (C:\Users\erenr\AppData\Local\Programs\MiKTeX\tex/generic/circuitikz\pgfcircmonopoles.tex) (C:\Users\erenr\AppData\Local\Programs\MiKTeX\tex/generic/circuitikz\pgfcircbipoles.tex) (C:\Users\erenr\AppData\Local\Programs\MiKTeX\tex/generic/circuitikz\pgfcirctripoles.tex
\pgf@circ@res@count=\count343
) (C:\Users\erenr\AppData\Local\Programs\MiKTeX\tex/generic/circuitikz\pgfcircquadpoles.tex) (C:\Users\erenr\AppData\Local\Programs\MiKTeX\tex/generic/circuitikz\pgfcircmultipoles.tex) (C:\Users\erenr\AppData\Local\Programs\MiKTeX\tex/generic/circuitikz\pgfcirclabel.tex) (C:\Users\erenr\AppData\Local\Programs\MiKTeX\tex/generic/circuitikz\pgfcircvoltage.tex
\pgfcirc@labelshift=\dimen307
) (C:\Users\erenr\AppData\Local\Programs\MiKTeX\tex/generic/circuitikz\pgfcirccurrent.tex) (C:\Users\erenr\AppData\Local\Programs\MiKTeX\tex/generic/circuitikz\pgfcircflow.tex)) (C:\Users\erenr\AppData\Local\Programs\MiKTeX\tex/latex/float\float.sty
Package: float 2001/11/08 v1.3d Float enhancements (AL)
\c@float@type=\count344
\float@exts=\toks50
\float@box=\box69
\@float@everytoks=\toks51
\@floatcapt=\box70
) (C:\Users\erenr\AppData\Local\Programs\MiKTeX\tex/latex/booktabs\booktabs.sty
Package: booktabs 2020/01/12 v1.61803398 Publication quality tables
\heavyrulewidth=\dimen308
\lightrulewidth=\dimen309
\cmidrulewidth=\dimen310
\belowrulesep=\dimen311
\belowbottomsep=\dimen312
\aboverulesep=\dimen313
\abovetopsep=\dimen314
\cmidrulesep=\dimen315
\cmidrulekern=\dimen316
\defaultaddspace=\dimen317
\@cmidla=\count345
\@cmidlb=\count346
\@aboverulesep=\dimen318
\@belowrulesep=\dimen319
\@thisruleclass=\count347
\@lastruleclass=\count348
\@thisrulewidth=\dimen320
) (C:\Users\erenr\AppData\Local\Programs\MiKTeX\tex/latex/caption\subcaption.sty
Package: subcaption 2023/07/28 v1.6b Sub-captions (AR)
 (C:\Users\erenr\AppData\Local\Programs\MiKTeX\tex/latex/caption\caption.sty
Package: caption 2023/08/05 v3.6o Customizing captions (AR)
 (C:\Users\erenr\AppData\Local\Programs\MiKTeX\tex/latex/caption\caption3.sty
Package: caption3 2023/07/31 v2.4d caption3 kernel (AR)
\caption@tempdima=\dimen321
\captionmargin=\dimen322
\caption@leftmargin=\dimen323
\caption@rightmargin=\dimen324
\caption@width=\dimen325
\caption@indent=\dimen326
\caption@parindent=\dimen327
\caption@hangindent=\dimen328
Package caption Info: Standard document class detected.
)
\c@caption@flags=\count349
\c@continuedfloat=\count350
Package caption Info: float package is loaded.
Package caption Info: hyperref package is loaded.
)
Package caption Info: New subtype `subfigure' on input line 238.
\c@subfigure=\count351
Package caption Info: New subtype `subtable' on input line 238.
\c@subtable=\count352
)
\c@theorem=\count353
\c@law=\count354
\c@principle=\count355
\c@definition=\count356
\c@problem=\count357
\c@solution=\count358
\c@remark=\count359
\c@proposition=\count360
\c@algorithm=\count361
Package hyperref Info: Option `colorlinks' set `true' on input line 31.
 (C:\Users\erenr\AppData\Local\Programs\MiKTeX\tex/latex/l3backend\l3backend-pdftex.def
File: l3backend-pdftex.def 2025-10-09 L3 backend support: PDF output (pdfTeX)
\l__color_backend_stack_int=\count362
) (Research_log.aux)
\openout1 = `Research_log.aux'.

LaTeX Font Info:    Checking defaults for OML/cmm/m/it on input line 32.
LaTeX Font Info:    ... okay on input line 32.
LaTeX Font Info:    Checking defaults for OMS/cmsy/m/n on input line 32.
LaTeX Font Info:    ... okay on input line 32.
LaTeX Font Info:    Checking defaults for OT1/cmr/m/n on input line 32.
LaTeX Font Info:    ... okay on input line 32.
LaTeX Font Info:    Checking defaults for T1/cmr/m/n on input line 32.
LaTeX Font Info:    ... okay on input line 32.
LaTeX Font Info:    Checking defaults for TS1/cmr/m/n on input line 32.
LaTeX Font Info:    ... okay on input line 32.
LaTeX Font Info:    Checking defaults for OMX/cmex/m/n on input line 32.
LaTeX Font Info:    ... okay on input line 32.
LaTeX Font Info:    Checking defaults for U/cmr/m/n on input line 32.
LaTeX Font Info:    ... okay on input line 32.
LaTeX Font Info:    Checking defaults for PD1/pdf/m/n on input line 32.
LaTeX Font Info:    ... okay on input line 32.
LaTeX Font Info:    Checking defaults for PU/pdf/m/n on input line 32.
LaTeX Font Info:    ... okay on input line 32.
 (C:\Users\erenr\AppData\Local\Programs\MiKTeX\tex/context/base/mkii\supp-pdf.mkii
[Loading MPS to PDF converter (version 2006.09.02).]
\scratchcounter=\count363
\scratchdimen=\dimen329
\scratchbox=\box71
\nofMPsegments=\count364
\nofMParguments=\count365
\everyMPshowfont=\toks52
\MPscratchCnt=\count366
\MPscratchDim=\dimen330
\MPnumerator=\count367
\makeMPintoPDFobject=\count368
\everyMPtoPDFconversion=\toks53
) (C:\Users\erenr\AppData\Local\Programs\MiKTeX\tex/latex/epstopdf-pkg\epstopdf-base.sty
Package: epstopdf-base 2020-01-24 v2.11 Base part for package epstopdf
Package epstopdf-base Info: Redefining graphics rule for `.eps' on input line 485.
 (C:\Users\erenr\AppData\Local\Programs\MiKTeX\tex/latex/00miktex\epstopdf-sys.cfg
File: epstopdf-sys.cfg 2021/03/18 v2.0 Configuration of epstopdf for MiKTeX
))
Package hyperref Info: Link coloring ON on input line 32.
 (Research_log.out) (Research_log.out)
\@outlinefile=\write4
\openout4 = `Research_log.out'.


Package pgfplots notification 'compat/show suggested version=true': document has been generated with the most recent feature set (\pgfplotsset{compat=1.18}).

Package caption Info: Begin \AtBeginDocument code.
Package caption Info: End \AtBeginDocument code.
LaTeX Font Info:    Trying to load font information for U+msa on input line 44.
(C:\Users\erenr\AppData\Local\Programs\MiKTeX\tex/latex/amsfonts\umsa.fd
File: umsa.fd 2013/01/14 v3.01 AMS symbols A
)
LaTeX Font Info:    Trying to load font information for U+msb on input line 44.
 (C:\Users\erenr\AppData\Local\Programs\MiKTeX\tex/latex/amsfonts\umsb.fd
File: umsb.fd 2013/01/14 v3.01 AMS symbols B
) [1

{C:/Users/erenr/AppData/Local/MiKTeX/fonts/map/pdftex/pdftex.map}] (Research_log.toc [1

]
pdfTeX warning (ext4): destination with the same identifier (name{page.}) has been already used, duplicate ignored
<to be read again> 
                   \relax 
l.116 ...r Viewing and References}{55}{appendix.E}
                                                  % [2])
\tf@toc=\write5
\openout5 = `Research_log.toc'.


pdfTeX warning (ext4): destination with the same identifier (name{page.}) has been already used, duplicate ignored
<to be read again> 
                   \relax 
l.65 \clearpage
                [3]
Underfull \hbox (badness 10000) in paragraph at lines 109--109
[]\OT1/cmr/m/n/10 Bulk Mod-u-lus
 []


Underfull \hbox (badness 6428) in paragraph at lines 111--112
\OT1/cmr/m/n/10 di-na-tion de-fects
 []


pdfTeX warning (ext4): destination with the same identifier (name{page.1}) has been already used, duplicate ignored
<to be read again> 
                   \relax 
l.124 ...om temperature and atmospheric pressure.}
                                                   [1

]
<c-Si-vs-a-Si.jpg, id=472, 561.09625pt x 358.33875pt>
File: c-Si-vs-a-Si.jpg Graphic file (type jpg)
<use c-Si-vs-a-Si.jpg>
Package pdftex.def Info: c-Si-vs-a-Si.jpg  used on input line 130.
(pdftex.def)             Requested size: 276.00105pt x 176.26553pt.
 [2
pdfTeX warning (ext4): destination with the same identifier (name{Hfootnote.5}) has been already used, duplicate ignored
<argument> ...shipout:D \box_use:N \l_shipout_box 
                                                  \__shipout_drop_firstpage_...
l.142 
      
pdfTeX warning (ext4): destination with the same identifier (name{Hfootnote.5}) has been already used, duplicate ignored
<argument> ...shipout:D \box_use:N \l_shipout_box 
                                                  \__shipout_drop_firstpage_...
l.142 
       <./c-Si-vs-a-Si.jpg>]
<Continuous Random Network.png, id=491, 1541.76pt x 1027.84pt>
File: Continuous Random Network.png Graphic file (type png)
<use Continuous Random Network.png>
Package pdftex.def Info: Continuous Random Network.png  used on input line 145.
(pdftex.def)             Requested size: 345.0pt x 229.99933pt.
 [3 <./Continuous Random Network.png (PNG copy)>]
<Wooten-Winer-Weaire.png, id=509, 1027.84pt x 1541.76pt>
File: Wooten-Winer-Weaire.png Graphic file (type png)
<use Wooten-Winer-Weaire.png>
Package pdftex.def Info: Wooten-Winer-Weaire.png  used on input line 172.
(pdftex.def)             Requested size: 276.00105pt x 413.99881pt.
 [4] [5 <./Wooten-Winer-Weaire.png (PNG copy)>] [6] [7]
<paracrystallinity.png, id=545, 1541.76pt x 1027.84pt>
File: paracrystallinity.png Graphic file (type png)
<use paracrystallinity.png>
Package pdftex.def Info: paracrystallinity.png  used on input line 232.
(pdftex.def)             Requested size: 276.00105pt x 183.99947pt.
 [8 <./paracrystallinity.png (PNG copy)>] [9] [10] [11] [12] [13] [14]
Overfull \hbox (3.2588pt too wide) in paragraph at lines 429--430
\OT1/cmr/m/it/10 in-ter-atomic po-ten-tials (MLIPs) are com-pu-ta-tional mod-els that use ma-chine learn-
 []


Overfull \hbox (11.88908pt too wide) in paragraph at lines 437--438
[][]\OT1/cmr/bx/n/10 Definition 26 \OT1/cmr/m/n/10 (Mo-ment Ten-sor Po-ten-tial)\OT1/cmr/bx/n/10 . []\OT1/cmr/m/it/10 Mo-ment Ten-sor Po-ten-tials (MTPs) [[]]
 []

[15] [16] [17] [18]
Overfull \hbox (29.08398pt too wide) in paragraph at lines 518--519
[]\OT1/cmr/m/n/10 Structural qual-ity was checked with stan-dard structural-analysis tools (OVITO [[]],
 []

[19] [20] [21]
Overfull \hbox (1.49698pt too wide) in paragraph at lines 589--589
[]    \OT1/cmtt/m/n/10 module load gcc openmpi flexiblas cmake fftw eigen voro++ cuda[] 
 []

[22] [23]
Overfull \hbox (26.478pt too wide) in paragraph at lines 642--643
[][]\OT1/cmr/bx/n/10 Definition 37 \OT1/cmr/m/n/10 (Vi-sual Molec-u-lar Dy-nam-ics)\OT1/cmr/bx/n/10 . []\OT1/cmr/m/it/10 Vi-sual Molec-u-lar Dy-nam-ics (VMD) [[]]
 []

[24] [25]
<VMDtestLJSub.png, id=755, 745.78625pt x 485.31313pt>
File: VMDtestLJSub.png Graphic file (type png)
<use VMDtestLJSub.png>
Package pdftex.def Info: VMDtestLJSub.png  used on input line 668.
(pdftex.def)             Requested size: 276.00105pt x 179.60007pt.
 [26

]
Underfull \hbox (badness 2564) in paragraph at lines 687--687
[]\OT1/cmr/m/n/9 Illegal in-struc-tion (core
 []


Underfull \hbox (badness 5374) in paragraph at lines 687--687
\OT1/cmr/m/n/9 CPU ar-chi-tec-ture in-
 []


Underfull \hbox (badness 3386) in paragraph at lines 687--687
\OT1/cmr/m/n/9 com-pat-i-ble with Nar-
 []


Underfull \hbox (badness 10000) in paragraph at lines 687--688
[]\OT1/cmr/m/n/9 Add
 []


Overfull \hbox (50.15329pt too wide) in paragraph at lines 687--688
\OT1/cmtt/m/n/9 -DCMAKE[]CXX[]FLAGS="-march=core-avx2"| 
 []


Underfull \hbox (badness 10000) in paragraph at lines 689--689
[]\OT1/cmr/m/n/9 ML-MTP ab-sent from
 []


Underfull \hbox (badness 10000) in paragraph at lines 691--691
[]\OT1/cmr/m/n/9 Stale nested CMake
 []


Underfull \hbox (badness 10000) in paragraph at lines 691--691
\OT1/cmr/m/n/9 caches with an-other
 []


Overfull \hbox (8.39937pt too wide) in paragraph at lines 683--694
 [][] 
 []

[27 <./VMDtestLJSub.png>]
Overfull \hbox (2.77545pt too wide) in paragraph at lines 698--699
[]\OT1/cmr/m/n/10 After a clean re-build, \OT1/cmtt/m/n/10 lmp -h \OT1/cmr/m/n/10 listed \OT1/cmtt/m/n/10 ML-MTP \OT1/cmr/m/n/10 with \OT1/cmtt/m/n/10 mtp \OT1/cmr/m/n/10 and \OT1/cmtt/m/n/10 mtp/extrapolation
 []


Underfull \hbox (badness 10000) in paragraph at lines 709--709
[]\OT1/cmr/m/n/9 Script copies only
 []


Underfull \hbox (badness 10000) in paragraph at lines 709--709
\OT1/cmtt/m/n/9 ML-MTP\OT1/cmr/m/n/9 ; the \OT1/cmtt/m/n/9 KOKKOS
 []


Underfull \hbox (badness 10000) in paragraph at lines 711--712
[]\OT1/cmtt/m/n/9 kokkos-cuda \OT1/cmr/m/n/9 pre-set $+$
 []


Underfull \hbox (badness 10000) in paragraph at lines 711--712
\OT1/cmtt/m/n/9 -DKokkos[]ARCH[]AMPERE80=ON
 []


Underfull \hbox (badness 10000) in paragraph at lines 713--713
[]\OT1/cmtt/m/n/9 -march=core-avx2 \OT1/cmr/m/n/9 in-
 []


Underfull \hbox (badness 10000) in paragraph at lines 715--715
[]\OT1/cmr/m/n/9 OpenCL-based
 []


Underfull \hbox (badness 10000) in paragraph at lines 715--715
\OT1/cmtt/m/n/9 -DPKG[]GPU=ON\OT1/cmr/m/n/9 , re-
 []


Underfull \hbox (badness 10000) in paragraph at lines 715--715
\OT1/cmr/m/n/9 dun-dant along-side
 []


Overfull \hbox (8.39937pt too wide) in paragraph at lines 705--718
 [][] 
 []

[28] [29] [30]
<../report/scaling.png, id=800, 375.804pt x 260.172pt>
File: ../report/scaling.png Graphic file (type png)
<use ../report/scaling.png>
Package pdftex.def Info: ../report/scaling.png  used on input line 796.
(pdftex.def)             Requested size: 207.0021pt x 143.3094pt.
 [31 <../report/scaling.png>]
Overfull \hbox (7.32896pt too wide) detected at line 819
[] \OT1/cmr/m/n/10 :  [] = 30\OML/cmm/m/it/10 :\OT1/cmr/m/n/10 7 []\OML/cmm/m/it/10 ;  [] \OT1/cmr/m/n/10 :  [] = 357 []\OML/cmm/m/it/10 ;
 []


Overfull \hbox (47.51416pt too wide) in paragraph at lines 824--835
 [][] 
 []

[32] [33

]
<../python/radial_dist_fct/melt_P22_rdf_output.png, id=827, 433.62pt x 289.08pt>
File: ../python/radial_dist_fct/melt_P22_rdf_output.png Graphic file (type png)
<use ../python/radial_dist_fct/melt_P22_rdf_output.png>
Package pdftex.def Info: ../python/radial_dist_fct/melt_P22_rdf_output.png  used on input line 897.
(pdftex.def)             Requested size: 165.59853pt x 110.3985pt.
<../python/msd/melt_P22_msd_output.png, id=828, 433.62pt x 289.08pt>
File: ../python/msd/melt_P22_msd_output.png Graphic file (type png)
<use ../python/msd/melt_P22_msd_output.png>
Package pdftex.def Info: ../python/msd/melt_P22_msd_output.png  used on input line 904.
(pdftex.def)             Requested size: 165.59853pt x 110.3985pt.
<../python/coord_num/melt_P22_cn_output.png, id=829, 433.62pt x 289.08pt>
File: ../python/coord_num/melt_P22_cn_output.png Graphic file (type png)
<use ../python/coord_num/melt_P22_cn_output.png>
Package pdftex.def Info: ../python/coord_num/melt_P22_cn_output.png  used on input line 911.
(pdftex.def)             Requested size: 165.59853pt x 110.3985pt.
<../python/top/melt_P22_top_output.png, id=830, 433.62pt x 289.08pt>
File: ../python/top/melt_P22_top_output.png Graphic file (type png)
<use ../python/top/melt_P22_top_output.png>
Package pdftex.def Info: ../python/top/melt_P22_top_output.png  used on input line 918.
(pdftex.def)             Requested size: 165.59853pt x 110.3985pt.
 [34]
<../python/radial_dist_fct/melt_P26_rdf_output.png, id=839, 433.62pt x 289.08pt>
File: ../python/radial_dist_fct/melt_P26_rdf_output.png Graphic file (type png)
<use ../python/radial_dist_fct/melt_P26_rdf_output.png>
Package pdftex.def Info: ../python/radial_dist_fct/melt_P26_rdf_output.png  used on input line 930.
(pdftex.def)             Requested size: 165.59853pt x 110.3985pt.
<../python/msd/melt_P26_msd_output.png, id=840, 433.62pt x 289.08pt>
File: ../python/msd/melt_P26_msd_output.png Graphic file (type png)
<use ../python/msd/melt_P26_msd_output.png>
Package pdftex.def Info: ../python/msd/melt_P26_msd_output.png  used on input line 937.
(pdftex.def)             Requested size: 165.59853pt x 110.3985pt.
<../python/coord_num/melt_P26_cn_output.png, id=841, 433.62pt x 289.08pt>
File: ../python/coord_num/melt_P26_cn_output.png Graphic file (type png)
<use ../python/coord_num/melt_P26_cn_output.png>
Package pdftex.def Info: ../python/coord_num/melt_P26_cn_output.png  used on input line 944.
(pdftex.def)             Requested size: 165.59853pt x 110.3985pt.
<../python/top/melt_P26_top_output.png, id=842, 433.62pt x 289.08pt>
File: ../python/top/melt_P26_top_output.png Graphic file (type png)
<use ../python/top/melt_P26_top_output.png>
Package pdftex.def Info: ../python/top/melt_P26_top_output.png  used on input line 951.
(pdftex.def)             Requested size: 165.59853pt x 110.3985pt.
 [35 <../python/radial_dist_fct/melt_P22_rdf_output.png> <../python/msd/melt_P22_msd_output.png> <../python/coord_num/melt_P22_cn_output.png> <../python/top/melt_P22_top_output.png>] [36 <../python/radial_dist_fct/melt_P26_rdf_output.png> <../python/msd/melt_P26_msd_output.png> <../python/coord_num/melt_P26_cn_output.png> <../python/top/melt_P26_top_output.png>]
Overfull \hbox (50.42738pt too wide) in paragraph at lines 985--996
 [][] 
 []


Overfull \hbox (11.06459pt too wide) in paragraph at lines 1013--1024
 [][] 
 []

<../python/radial_dist_fct/hold_all_rdf_output.png, id=866, 433.62pt x 289.08pt>
File: ../python/radial_dist_fct/hold_all_rdf_output.png Graphic file (type png)
<use ../python/radial_dist_fct/hold_all_rdf_output.png>
Package pdftex.def Info: ../python/radial_dist_fct/hold_all_rdf_output.png  used on input line 1032.
(pdftex.def)             Requested size: 165.59853pt x 110.3985pt.
<../python/msd/hold_all_msd_output.png, id=867, 433.62pt x 289.08pt>
File: ../python/msd/hold_all_msd_output.png Graphic file (type png)
<use ../python/msd/hold_all_msd_output.png>
Package pdftex.def Info: ../python/msd/hold_all_msd_output.png  used on input line 1039.
(pdftex.def)             Requested size: 165.59853pt x 110.3985pt.
<../python/coord_num/hold_all_cn_output.png, id=868, 433.62pt x 289.08pt>
File: ../python/coord_num/hold_all_cn_output.png Graphic file (type png)
<use ../python/coord_num/hold_all_cn_output.png>
Package pdftex.def Info: ../python/coord_num/hold_all_cn_output.png  used on input line 1046.
(pdftex.def)             Requested size: 165.59853pt x 110.3985pt.
<../python/top/hold_all_top_output.png, id=869, 433.62pt x 289.08pt>
File: ../python/top/hold_all_top_output.png Graphic file (type png)
<use ../python/top/hold_all_top_output.png>
Package pdftex.def Info: ../python/top/hold_all_top_output.png  used on input line 1053.
(pdftex.def)             Requested size: 165.59853pt x 110.3985pt.
[37] [38 <../python/radial_dist_fct/hold_all_rdf_output.png> <../python/msd/hold_all_msd_output.png> <../python/coord_num/hold_all_cn_output.png> <../python/top/hold_all_top_output.png>]
Overfull \hbox (2.81868pt too wide) in paragraph at lines 1077--1078
 []\OT1/cmr/bx/n/10 Hand-off.[] \OT1/cmr/m/n/10 The hand-off is jus-ti-fied rather than as-sumed. At $\OML/cmm/m/it/10 D \OMS/cmsy/m/n/10 ^^X \OT1/cmr/m/n/10 4 \OMS/cmsy/m/n/10 ^^B \OT1/cmr/m/n/10 10[]$ m$[]$/s
 []


Overfull \hbox (24.76158pt too wide) in paragraph at lines 1087--1097
 [][] 
 []


Overfull \hbox (0.72708pt too wide) in paragraph at lines 1111--1112
 []\OT1/cmr/bx/n/10 Density.[] \OT1/cmtt/m/n/10 pruned[]2 \OT1/cmr/m/n/10 lands within $0\OML/cmm/m/it/10 :\OT1/cmr/m/n/10 05%$ of \OT1/cmtt/m/n/10 22.almtp\OT1/cmr/m/n/10 , \OT1/cmtt/m/n/10 pruned[]3 \OT1/cmr/m/n/10 sits $0\OML/cmm/m/it/10 :\OT1/cmr/m/n/10 5%$ above,
 []

[39]
Overfull \hbox (5.36955pt too wide) in paragraph at lines 1130--1141
 [][] 
 []

<../python/radial_dist_fct/quench_hold_all_rdf_output.png, id=908, 433.62pt x 289.08pt>
File: ../python/radial_dist_fct/quench_hold_all_rdf_output.png Graphic file (type png)
<use ../python/radial_dist_fct/quench_hold_all_rdf_output.png>
Package pdftex.def Info: ../python/radial_dist_fct/quench_hold_all_rdf_output.png  used on input line 1149.
(pdftex.def)             Requested size: 165.59853pt x 110.3985pt.
<../python/msd/quench_hold_all_msd_output.png, id=909, 433.62pt x 289.08pt>
File: ../python/msd/quench_hold_all_msd_output.png Graphic file (type png)
<use ../python/msd/quench_hold_all_msd_output.png>
Package pdftex.def Info: ../python/msd/quench_hold_all_msd_output.png  used on input line 1156.
(pdftex.def)             Requested size: 165.59853pt x 110.3985pt.
<../python/coord_num/quench_hold_all_cn_output.png, id=910, 433.62pt x 289.08pt>
File: ../python/coord_num/quench_hold_all_cn_output.png Graphic file (type png)
<use ../python/coord_num/quench_hold_all_cn_output.png>
Package pdftex.def Info: ../python/coord_num/quench_hold_all_cn_output.png  used on input line 1163.
(pdftex.def)             Requested size: 165.59853pt x 110.3985pt.
<../python/top/quench_hold_all_top_output.png, id=911, 433.62pt x 289.08pt>
File: ../python/top/quench_hold_all_top_output.png Graphic file (type png)
<use ../python/top/quench_hold_all_top_output.png>
Package pdftex.def Info: ../python/top/quench_hold_all_top_output.png  used on input line 1170.
(pdftex.def)             Requested size: 165.59853pt x 110.3985pt.
[40] [41 <../python/radial_dist_fct/quench_hold_all_rdf_output.png> <../python/msd/quench_hold_all_msd_output.png> <../python/coord_num/quench_hold_all_cn_output.png> <../python/top/quench_hold_all_top_output.png>]
<../python/vibrations/vibration_amplitude_22.png, id=933, 433.62pt x 289.08pt>
File: ../python/vibrations/vibration_amplitude_22.png Graphic file (type png)
<use ../python/vibrations/vibration_amplitude_22.png>
Package pdftex.def Info: ../python/vibrations/vibration_amplitude_22.png  used on input line 1202.
(pdftex.def)             Requested size: 165.59853pt x 110.3985pt.
<../python/vibrations/vibration_amplitude_pruned_1.png, id=934, 433.62pt x 289.08pt>
File: ../python/vibrations/vibration_amplitude_pruned_1.png Graphic file (type png)
<use ../python/vibrations/vibration_amplitude_pruned_1.png>
Package pdftex.def Info: ../python/vibrations/vibration_amplitude_pruned_1.png  used on input line 1209.
(pdftex.def)             Requested size: 165.59853pt x 110.3985pt.
<../python/vibrations/vibration_amplitude_pruned_2.png, id=935, 433.62pt x 289.08pt>
File: ../python/vibrations/vibration_amplitude_pruned_2.png Graphic file (type png)
<use ../python/vibrations/vibration_amplitude_pruned_2.png>
Package pdftex.def Info: ../python/vibrations/vibration_amplitude_pruned_2.png  used on input line 1216.
(pdftex.def)             Requested size: 165.59853pt x 110.3985pt.
<../python/vibrations/vibration_amplitude_pruned_3.png, id=936, 433.62pt x 289.08pt>
File: ../python/vibrations/vibration_amplitude_pruned_3.png Graphic file (type png)
<use ../python/vibrations/vibration_amplitude_pruned_3.png>
Package pdftex.def Info: ../python/vibrations/vibration_amplitude_pruned_3.png  used on input line 1223.
(pdftex.def)             Requested size: 165.59853pt x 110.3985pt.
 [42]
<../python/vibrations/max_displacement_22.png, id=945, 433.62pt x 289.08pt>
File: ../python/vibrations/max_displacement_22.png Graphic file (type png)
<use ../python/vibrations/max_displacement_22.png>
Package pdftex.def Info: ../python/vibrations/max_displacement_22.png  used on input line 1237.
(pdftex.def)             Requested size: 165.59853pt x 110.3985pt.
<../python/vibrations/max_displacement_pruned_1.png, id=946, 433.62pt x 289.08pt>
File: ../python/vibrations/max_displacement_pruned_1.png Graphic file (type png)
<use ../python/vibrations/max_displacement_pruned_1.png>
Package pdftex.def Info: ../python/vibrations/max_displacement_pruned_1.png  used on input line 1244.
(pdftex.def)             Requested size: 165.59853pt x 110.3985pt.
<../python/vibrations/max_displacement_pruned_2.png, id=947, 433.62pt x 289.08pt>
File: ../python/vibrations/max_displacement_pruned_2.png Graphic file (type png)
<use ../python/vibrations/max_displacement_pruned_2.png>
Package pdftex.def Info: ../python/vibrations/max_displacement_pruned_2.png  used on input line 1251.
(pdftex.def)             Requested size: 165.59853pt x 110.3985pt.
<../python/vibrations/max_displacement_pruned_3.png, id=948, 433.62pt x 289.08pt>
File: ../python/vibrations/max_displacement_pruned_3.png Graphic file (type png)
<use ../python/vibrations/max_displacement_pruned_3.png>
Package pdftex.def Info: ../python/vibrations/max_displacement_pruned_3.png  used on input line 1258.
(pdftex.def)             Requested size: 165.59853pt x 110.3985pt.
 [43 <../python/vibrations/vibration_amplitude_22.png> <../python/vibrations/vibration_amplitude_pruned_1.png> <../python/vibrations/vibration_amplitude_pruned_2.png> <../python/vibrations/vibration_amplitude_pruned_3.png>]
Overfull \hbox (0.30923pt too wide) in paragraph at lines 1267--1268
\OT1/cmr/m/n/10 gling bonds three to one in \OT1/cmtt/m/n/10 22.almtp \OT1/cmr/m/n/10 and two to one in \OT1/cmtt/m/n/10 pruned[]3\OT1/cmr/m/n/10 , while \OT1/cmtt/m/n/10 pruned[]1
 []

[44 <../python/vibrations/max_displacement_22.png> <../python/vibrations/max_displacement_pruned_1.png> <../python/vibrations/max_displacement_pruned_2.png> <../python/vibrations/max_displacement_pruned_3.png>] [45] [46

]
Underfull \hbox (badness 1231) in paragraph at lines 1363--1364
[]\OT1/cmr/m/n/9 Melt of the 216-atom di-a-mond lat-tice to 2500 K with
 []

[47]
LaTeX Font Info:    Font shape `OT1/cmtt/bx/n' in size <10> not available
(Font)              Font shape `OT1/cmtt/m/n' tried instead on input line 1380.
 [48]
Overfull \hbox (3.30426pt too wide) in paragraph at lines 1393--1394
[]\OT1/cmr/m/n/10 # Write ev-ery-thing be-tween the mark-
 []


Overfull \hbox (19.99219pt too wide) in paragraph at lines 1396--1397
[]\OT1/cmr/m/n/10 # Shows your cur-rent disk us-age and quota. Ac-cepts \OT1/cmtt/m/n/10 --scratch\OT1/cmr/m/n/10 ,
 []


Overfull \hbox (11.33052pt too wide) in paragraph at lines 1401--1402
[]\OT1/cmr/m/n/10 # Ac-
 []


Overfull \hbox (95.7462pt too wide) in paragraph at lines 1408--1409
[]
 []


Overfull \hbox (27.4968pt too wide) in paragraph at lines 1409--1410
[]
 []

[49]
Overfull \hbox (1.27971pt too wide) in paragraph at lines 1427--1428
[]\OT1/cmr/m/n/10 # Com-piles CPU code for the AVX2
 []


Overfull \hbox (17.94229pt too wide) in paragraph at lines 1450--1451
[]\OT1/cmr/m/n/10 # Loads a LAMMPS
 []

[50]
Overfull \hbox (16.56985pt too wide) in paragraph at lines 1469--1470
[]\OT1/cmr/m/n/10 # De-fines a cu-bic re-gion named
 []

[51]
Overfull \hbox (9.29886pt too wide) in paragraph at lines 1473--1474
[]\OT1/cmr/m/n/10 # As-signs ran-dom ini-
 []


Overfull \hbox (287.89445pt too wide) in paragraph at lines 1481--1482
[]
 []

[52]
Overfull \hbox (97.4261pt too wide) in paragraph at lines 1482--1483
[]
 []

[53]
Overfull \hbox (2.03362pt too wide) in paragraph at lines 1500--1501
[]\OT1/cmr/m/n/10 # Points the shell to the custom-built LAMMPS ex-e-cutable
 []


Overfull \hbox (5.60664pt too wide) in paragraph at lines 1502--1503
[]\OT1/cmr/m/n/10 # Ex-
 []

[54]
Underfull \hbox (badness 10000) in paragraph at lines 1535--1536

 []


Overfull \hbox (31.7956pt too wide) in paragraph at lines 1547--1548
[]\OT1/cmr/m/n/10 Digital Re-search Al-liance of Canada. ``LAMMPS.'' [][]$\OT1/cmtt/m/n/10 https : / / docs . alliancecan .
 []


Overfull \hbox (29.28058pt too wide) in paragraph at lines 1548--1549
\OT1/cmr/m/n/10 Glass-formers'' (dataset). [][]$\OT1/cmtt/m/n/10 https : / / aip . figshare . com / collections / MAPping _
 []


Overfull \hbox (12.18347pt too wide) in paragraph at lines 1551--1552
[]\OT1/cmr/m/n/10 Steinhardt pa-ram-e-ters. [][]$\OT1/cmtt/m/n/10 https : / / www . youtube . com / watch ? v = ou0uKgK35lE$[][]\OT1/cmr/m/n/10 . 
 []

[55]
Underfull \hbox (badness 2418) in paragraph at lines 1579--1581
[]\OT1/cmr/m/n/10 Y. Meng et al., ``Kokkos-accelerated mo-ment ten-sor po-ten-tials in
 []

[56] [57] [58] (Research_log.aux)
 ***********
LaTeX2e <2025-11-01>
L3 programming layer <2025-12-24>
 ***********
Package rerunfilecheck Info: File `Research_log.out' has not changed.
(rerunfilecheck)             Checksum: E0E070BE7EDE68FA12CA0674D40FD7CA;15068.
 ) 
Here is how much of TeX's memory you used:
 51336 strings out of 467871
 1328130 string characters out of 5418377
 2069693 words of memory out of 5000000
 79313 multiletter control sequences out of 15000+600000
 641063 words of font info for 92 fonts, out of 8000000 for 9000
 1141 hyphenation exceptions out of 8191
 99i,16n,118p,970b,639s stack positions out of 10000i,1000n,20000p,200000b,200000s

pdfTeX warning (dest): name{Hfootnote.34} has been referenced but does not exist, replaced by a fixed one


pdfTeX warning (dest): name{Hfootnote.4} has been referenced but does not exist, replaced by a fixed one


pdfTeX warning (dest): name{Hfootnote.3} has been referenced but does not exist, replaced by a fixed one

 <C:\Users\erenr\AppData\Local\MiKTeX\fonts/pk/ljfour/jknappen/ec/dpi600\tcrm1000.pk><C:/Users/erenr/AppData/Local/Programs/MiKTeX/fonts/type1/public/amsfonts/cm/cmbx10.pfb><C:/Users/erenr/AppData/Local/Programs/MiKTeX/fonts/type1/public/amsfonts/cm/cmbx12.pfb><C:/Users/erenr/AppData/Local/Programs/MiKTeX/fonts/type1/public/amsfonts/cm/cmbx8.pfb><C:/Users/erenr/AppData/Local/Programs/MiKTeX/fonts/type1/public/amsfonts/cm/cmbx9.pfb><C:/Users/erenr/AppData/Local/Programs/MiKTeX/fonts/type1/public/amsfonts/cm/cmex10.pfb><C:/Users/erenr/AppData/Local/Programs/MiKTeX/fonts/type1/public/amsfonts/cm/cmitt10.pfb><C:/Users/erenr/AppData/Local/Programs/MiKTeX/fonts/type1/public/amsfonts/cm/cmmi10.pfb><C:/Users/erenr/AppData/Local/Programs/MiKTeX/fonts/type1/public/amsfonts/cm/cmmi6.pfb><C:/Users/erenr/AppData/Local/Programs/MiKTeX/fonts/type1/public/amsfonts/cm/cmmi7.pfb><C:/Users/erenr/AppData/Local/Programs/MiKTeX/fonts/type1/public/amsfonts/cm/cmmi8.pfb><C:/Users/erenr/AppData/Local/Programs/MiKTeX/fonts/type1/public/amsfonts/cm/cmmi9.pfb><C:/Users/erenr/AppData/Local/Programs/MiKTeX/fonts/type1/public/amsfonts/cm/cmr10.pfb><C:/Users/erenr/AppData/Local/Programs/MiKTeX/fonts/type1/public/amsfonts/cm/cmr12.pfb><C:/Users/erenr/AppData/Local/Programs/MiKTeX/fonts/type1/public/amsfonts/cm/cmr17.pfb><C:/Users/erenr/AppData/Local/Programs/MiKTeX/fonts/type1/public/amsfonts/cm/cmr6.pfb><C:/Users/erenr/AppData/Local/Programs/MiKTeX/fonts/type1/public/amsfonts/cm/cmr7.pfb><C:/Users/erenr/AppData/Local/Programs/MiKTeX/fonts/type1/public/amsfonts/cm/cmr8.pfb><C:/Users/erenr/AppData/Local/Programs/MiKTeX/fonts/type1/public/amsfonts/cm/cmr9.pfb><C:/Users/erenr/AppData/Local/Programs/MiKTeX/fonts/type1/public/amsfonts/cm/cmsy10.pfb><C:/Users/erenr/AppData/Local/Programs/MiKTeX/fonts/type1/public/amsfonts/cm/cmsy6.pfb><C:/Users/erenr/AppData/Local/Programs/MiKTeX/fonts/type1/public/amsfonts/cm/cmsy7.pfb><C:/Users/erenr/AppData/Local/Programs/MiKTeX/fonts/type1/public/amsfonts/cm/cmsy8.pfb><C:/Users/erenr/AppData/Local/Programs/MiKTeX/fonts/type1/public/amsfonts/cm/cmsy9.pfb><C:/Users/erenr/AppData/Local/Programs/MiKTeX/fonts/type1/public/amsfonts/cm/cmti10.pfb><C:/Users/erenr/AppData/Local/Programs/MiKTeX/fonts/type1/public/amsfonts/cm/cmtt10.pfb><C:/Users/erenr/AppData/Local/Programs/MiKTeX/fonts/type1/public/amsfonts/cm/cmtt8.pfb><C:/Users/erenr/AppData/Local/Programs/MiKTeX/fonts/type1/public/amsfonts/cm/cmtt9.pfb>
Output written on Research_log.pdf (62 pages, 8003569 bytes).
PDF statistics:
 1296 PDF objects out of 1440 (max. 8388607)
 336 named destinations out of 1000 (max. 500000)
 843 words of extra memory for PDF output out of 10000 (max. 10000000)

